[my.shad.ir/index.html]
[my.shad.ir/assets/icons/icon.png]
[backblue.gif]
[fade.gif]
[index.html]
[my.shad.ir/assets/icons/manifest/icon-192x192.png]
[my.shad.ir/assets/splash_screens/iPhone_14_Plus__iPhone_13_Pro_Max__iPhone_12_Pro_Max_landscape.png]
[my.shad.ir/assets/splash_screens/iPhone_14__iPhone_13_Pro__iPhone_13__iPhone_12_Pro__iPhone_12_landscape.png]
[my.shad.ir/assets/splash_screens/iPhone_13_mini__iPhone_12_mini__iPhone_11_Pro__iPhone_XS__iPhone_X_landscape.png]
[my.shad.ir/assets/splash_screens/iPhone_11_Pro_Max__iPhone_XS_Max_landscape.png]
[my.shad.ir/assets/splash_screens/iPhone_11__iPhone_XR_landscape.png]
[my.shad.ir/assets/splash_screens/iPhone_8_Plus__iPhone_7_Plus__iPhone_6s_Plus__iPhone_6_Plus_landscape.png]
[my.shad.ir/assets/splash_screens/iPhone_8__iPhone_7__iPhone_6s__iPhone_6__4.7__iPhone_SE_landscape.png]
[my.shad.ir/assets/splash_screens/4__iPhone_SE__iPod_touch_5th_generation_and_later_landscape.png]
[my.shad.ir/assets/splash_screens/12.9__iPad_Pro_landscape.png]
[my.shad.ir/assets/splash_screens/11__iPad_Pro__10.5__iPad_Pro_landscape.png]
[my.shad.ir/assets/splash_screens/10.9__iPad_Air_landscape.png]
[my.shad.ir/assets/splash_screens/10.5__iPad_Air_landscape.png]
[my.shad.ir/assets/splash_screens/10.2__iPad_landscape.png]
[my.shad.ir/assets/splash_screens/9.7__iPad_Pro__7.9__iPad_mini__9.7__iPad_Air__9.7__iPad_landscape.png]
[my.shad.ir/assets/splash_screens/8.3__iPad_Mini_landscape.png]
[my.shad.ir/assets/splash_screens/iPhone_14_Plus__iPhone_13_Pro_Max__iPhone_12_Pro_Max_portrait.png]
[my.shad.ir/assets/splash_screens/iPhone_14__iPhone_13_Pro__iPhone_13__iPhone_12_Pro__iPhone_12_portrait.png]
[my.shad.ir/assets/splash_screens/iPhone_13_mini__iPhone_12_mini__iPhone_11_Pro__iPhone_XS__iPhone_X_portrait.png]
[my.shad.ir/assets/splash_screens/iPhone_11_Pro_Max__iPhone_XS_Max_portrait.png]
[my.shad.ir/assets/splash_screens/iPhone_11__iPhone_XR_portrait.png]
[my.shad.ir/assets/splash_screens/iPhone_8_Plus__iPhone_7_Plus__iPhone_6s_Plus__iPhone_6_Plus_portrait.png]
[my.shad.ir/assets/splash_screens/iPhone_8__iPhone_7__iPhone_6s__iPhone_6__4.7__iPhone_SE_portrait.png]
[my.shad.ir/assets/splash_screens/4__iPhone_SE__iPod_touch_5th_generation_and_later_portrait.png]
[my.shad.ir/assets/splash_screens/12.9__iPad_Pro_portrait.png]
[my.shad.ir/assets/splash_screens/11__iPad_Pro__10.5__iPad_Pro_portrait.png]
[my.shad.ir/assets/splash_screens/10.9__iPad_Air_portrait.png]
[my.shad.ir/assets/splash_screens/10.5__iPad_Air_portrait.png]
[my.shad.ir/assets/splash_screens/10.2__iPad_portrait.png]
[my.shad.ir/assets/splash_screens/9.7__iPad_Pro__7.9__iPad_mini__9.7__iPad_Air__9.7__iPad_portrait.png]
[my.shad.ir/assets/splash_screens/8.3__iPad_Mini_portrait.png]
[my.shad.ir/manifest.json]
[my.shad.ir/assets/js/hammer-konva.js]
[my.shad.ir/static/css/main.a9c00df4.css]
[my.shad.ir/index.html]
[my.shad.ir/assets/splash_screens/iPhone_14_Pro_Max_landscape.html]
[my.shad.ir/assets/splash_screens/iPhone_14_Pro_landscape.html]
[my.shad.ir/assets/splash_screens/iPhone_14_Pro_Max_portrait.html]
[my.shad.ir/assets/splash_screens/iPhone_14_Pro_portrait.html]
[my.shad.ir/static/js/main.d2153515.js]
[my.shad.ir/static/css/main.a9c00df4.css]
