[themesdesign.in/chaton/layouts/index6bba.html]
[backblue.gif]
[fade.gif]
[index.html]
[themesdesign.in/chaton/layouts/assets/images/favicon.ico]
[themesdesign.in/chaton/layouts/assets/libs/glightbox/css/glightbox.min.css]
[themesdesign.in/chaton/layouts/assets/libs/@simonwep/pickr/themes/nano.min.css]
[themesdesign.in/chaton/layouts/assets/libs/swiper/swiper-bundle.min.css]
[themesdesign.in/chaton/layouts/assets/css/bootstrap.min.css]
[themesdesign.in/chaton/layouts/assets/css/icons.min.css]
[themesdesign.in/chaton/layouts/assets/css/app.min.css]
[themesdesign.in/chaton/layouts/index.html]
[themesdesign.in/chaton/layouts/assets/images/logo.png]
[themesdesign.in/chaton/layouts/assets/images/users/avatar-1.jpg]
[themesdesign.in/chaton/layouts/auth-changepassword.html]
[themesdesign.in/chaton/layouts/auth-logout.html]
[themesdesign.in/chaton/layouts/assets/images/4902908.jpg]
[themesdesign.in/chaton/layouts/assets/images/small/img-1.jpg]
[themesdesign.in/chaton/layouts/assets/images/small/img-2.jpg]
[themesdesign.in/chaton/layouts/assets/images/small/img-4.jpg]
[themesdesign.in/chaton/layouts/assets/images/pdf-file.png]
[themesdesign.in/chaton/layouts/assets/images/image-file.png]
[themesdesign.in/chaton/layouts/assets/images/zip-file.png]
[themesdesign.in/chaton/layouts/assets/images/link-file.png]
[themesdesign.in/chaton/layouts/assets/images/txt-file.png]
[themesdesign.in/chaton/layouts/assets/images/users/avatar-2.jpg]
[themesdesign.in/chaton/layouts/assets/images/users/user-dummy-img.jpg]
[themesdesign.in/chaton/layouts/assets/images/users/group-img.jpg]
[themesdesign.in/chaton/layouts/assets/images/small/img-3.jpg]
[themesdesign.in/chaton/layouts/assets/images/small/img-5.jpg]
[themesdesign.in/chaton/layouts/assets/images/small/img-6.jpg]
[themesdesign.in/chaton/layouts/assets/images/users/avatar-7.jpg]
[themesdesign.in/chaton/layouts/assets/images/users/avatar-11.jpg]
[themesdesign.in/chaton/layouts/assets/images/users/avatar-6.jpg]
[themesdesign.in/chaton/layouts/assets/images/users/avatar-3.jpg]
[themesdesign.in/chaton/layouts/assets/images/users/avatar-10.jpg]
[themesdesign.in/chaton/layouts/assets/images/users/avatar-4.jpg]
[themesdesign.in/chaton/layouts/assets/images/users/avatar-8.jpg]
[themesdesign.in/chaton/layouts/assets/images/users/avatar-12.jpg]
[themesdesign.in/chaton/layouts/assets/libs/bootstrap/js/bootstrap.bundle.min.js]
[themesdesign.in/chaton/layouts/assets/libs/simplebar/simplebar.min.js]
[themesdesign.in/chaton/layouts/assets/libs/node-waves/waves.min.js]
[themesdesign.in/chaton/layouts/assets/libs/@simonwep/pickr/pickr.min.js]
[themesdesign.in/chaton/layouts/assets/libs/glightbox/js/glightbox.min.js]
[themesdesign.in/chaton/layouts/assets/libs/swiper/swiper-bundle.min.js]
[themesdesign.in/chaton/layouts/assets/libs/fg-emoji-picker/fgEmojiPicker.js]
[themesdesign.in/chaton/layouts/assets/js/pages/index.init.js]
[themesdesign.in/chaton/layouts/assets/js/app.js]
[themesdesign.in/chaton/layouts/index6bba.html]
[themesdesign.in/chaton/layouts/assets/libs/glightbox/css/glightbox.min.css]
[themesdesign.in/chaton/layouts/assets/libs/@simonwep/pickr/themes/nano.min.css]
[themesdesign.in/chaton/layouts/assets/libs/swiper/swiper-bundle.min.css]
[themesdesign.in/chaton/layouts/assets/css/bootstrap.min.css]
[themesdesign.in/chaton/layouts/assets/fonts/materialdesignicons-webfont7e1c.eot]
[themesdesign.in/chaton/layouts/assets/fonts/materialdesignicons-webfontd41d.eot]
[themesdesign.in/chaton/layouts/assets/fonts/materialdesignicons-webfont7e1c.woff2]
[themesdesign.in/chaton/layouts/assets/fonts/materialdesignicons-webfont7e1c.woff]
[themesdesign.in/chaton/layouts/assets/fonts/materialdesignicons-webfont7e1c.ttf]
[themesdesign.in/chaton/layouts/assets/fonts/remixicon8025.eot]
[themesdesign.in/chaton/layouts/assets/fonts/remixicon8025.woff2]
[themesdesign.in/chaton/layouts/assets/fonts/remixicon8025.woff]
[themesdesign.in/chaton/layouts/assets/fonts/remixicon8025.ttf]
[themesdesign.in/chaton/layouts/assets/fonts/boxicons.eot]
[themesdesign.in/chaton/layouts/assets/fonts/boxicons.woff2]
[themesdesign.in/chaton/layouts/assets/fonts/boxicons.woff]
[themesdesign.in/chaton/layouts/assets/fonts/boxicons.ttf]
[themesdesign.in/chaton/layouts/assets/css/icons.min.css]
[themesdesign.in/chaton/layouts/assets/css/app.min.css]
[themesdesign.in/chaton/layouts/index.html]
[themesdesign.in/chaton/layouts/assets/js/pages/password-addon.init.js]
[themesdesign.in/chaton/layouts/assets/js/pages/theme-style.init.js]
[themesdesign.in/chaton/layouts/auth-changepassword.html]
[themesdesign.in/chaton/layouts/auth-login.html]
[themesdesign.in/chaton/layouts/auth-logout.html]
[themesdesign.in/chaton/layouts/assets/fonts/remixicon8025.svg]
[themesdesign.in/chaton/layouts/assets/fonts/boxiconsd41d.svg]
[themesdesign.in/chaton/layouts/auth-recoverpw.html]
[themesdesign.in/chaton/layouts/auth-register.html]
[themesdesign.in/chaton/layouts/auth-login.html]
[themesdesign.in/chaton/layouts/auth-recoverpw.html]
[themesdesign.in/chaton/layouts/assets/js/pages/validation.init.js]
[themesdesign.in/chaton/layouts/auth-register.html]
